// Jest Snapshot v1, https://goo.gl/fbAQLP

exports[`App tests should match snapshot 1`] = `
<div>
  Hello
</div>
`;
